Archive member included because of file (symbol)

d:/ph/eclipsearm/sourcery-g++-lite-arm-2011.03/bin/../lib/gcc/arm-none-eabi/4.5.2\libgcc.a(_divsi3.o)
                              ./common/44blib.o (__aeabi_idiv)
d:/ph/eclipsearm/sourcery-g++-lite-arm-2011.03/bin/../lib/gcc/arm-none-eabi/4.5.2\libgcc.a(_dvmd_tls.o)
                              d:/ph/eclipsearm/sourcery-g++-lite-arm-2011.03/bin/../lib/gcc/arm-none-eabi/4.5.2\libgcc.a(_divsi3.o) (__aeabi_idiv0)

Allocating common symbols
Common symbol       size              file

fileSize            0x4               ./common/44blib.o
downPt              0x4               ./common/44blib.o

Memory Configuration

Name             Origin             Length             Attributes
*default*        0x00000000         0xffffffff

Linker script and memory map

LOAD ./common/44binit.o
LOAD ./common/44blib.o
LOAD ./8led.o
LOAD ./button.o
LOAD ./led.o
LOAD ./main.o
LOAD ./reversi8_2018.o
LOAD ./timer.o
START GROUP
LOAD d:/ph/eclipsearm/sourcery-g++-lite-arm-2011.03/bin/../lib/gcc/arm-none-eabi/4.5.2\libgcc.a
LOAD d:/ph/eclipsearm/sourcery-g++-lite-arm-2011.03/bin/../lib/gcc/arm-none-eabi/4.5.2/../../../../arm-none-eabi/lib\libc.a
END GROUP
                0x0c000000                . = 0xc000000
                0x0c000000                Image_RO_Base = .

.text           0x0c000000     0x25c4
 *(.text)
 .text          0x0c000000      0x70c ./common/44binit.o
 .text          0x0c00070c      0x46c ./common/44blib.o
                0x0c00070c                Delay
                0x0c000844                DelayMs
                0x0c0008a8                Port_Init
                0x0c000a38                malloc
                0x0c000ad8                free
                0x0c000b08                sys_init
 .text          0x0c000b78       0x78 ./8led.o
                0x0c000b78                D8Led_init
                0x0c000b9c                D8Led_symbol
 .text          0x0c000bf0      0x19c ./button.o
                0x0c000bf0                Eint4567_ISR
                0x0c000ca8                Eint4567_init
 .text          0x0c000d8c      0x23c ./led.o
                0x0c000d8c                leds_on
                0x0c000dac                leds_off
                0x0c000dcc                led1_on
                0x0c000e0c                led1_off
                0x0c000e4c                led2_on
                0x0c000e8c                led2_off
                0x0c000ecc                leds_switch
                0x0c000f0c                Led_Display
 .text          0x0c000fc8       0x30 ./main.o
                0x0c000fc8                Main
 .text          0x0c000ff8     0x1378 ./reversi8_2018.o
                0x0c000ff8                init_table
                0x0c00120c                esperar_mov
                0x0c00124c                ficha_valida
                0x0c001300                patron_volteo
                0x0c001414                voltear
                0x0c0014a4                actualizar_tablero
                0x0c00159c                elegir_mov
                0x0c0017b8                contar
                0x0c0018b4                actualizar_candidatas
                0x0c001c0c                reversi8
 .text          0x0c002370      0x108 ./timer.o
                0x0c002370                timer_ISR
                0x0c0023b8                timer_init
 .text          0x0c002478      0x148 d:/ph/eclipsearm/sourcery-g++-lite-arm-2011.03/bin/../lib/gcc/arm-none-eabi/4.5.2\libgcc.a(_divsi3.o)
                0x0c002478                __divsi3
                0x0c002478                __aeabi_idiv
                0x0c0025a0                __aeabi_idivmod
 .text          0x0c0025c0        0x4 d:/ph/eclipsearm/sourcery-g++-lite-arm-2011.03/bin/../lib/gcc/arm-none-eabi/4.5.2\libgcc.a(_dvmd_tls.o)
                0x0c0025c0                __aeabi_idiv0
                0x0c0025c0                __aeabi_ldiv0

.glue_7         0x0c0025c4        0x0
 .glue_7        0x00000000        0x0 linker stubs

.glue_7t        0x0c0025c4        0x0
 .glue_7t       0x00000000        0x0 linker stubs

.vfp11_veneer   0x0c0025c4        0x0
 .vfp11_veneer  0x00000000        0x0 linker stubs

.v4_bx          0x0c0025c4        0x0
 .v4_bx         0x00000000        0x0 linker stubs
                0x0c0025c4                . = ALIGN (0x4)
                0x0c0025c4                Image_RO_Limit = .
                0x0c0025c4                Image_RW_Base = .

.data           0x0c0025c4       0x58
 *(.data)
 .data          0x0c0025c4        0x6 ./common/44binit.o
                0x0c0025c4                BDRAMTYPE
 *fill*         0x0c0025ca        0x2 00
 .data          0x0c0025cc        0xc ./common/44blib.o
                0x0c0025cc                mallocPt
                0x0c0025d0                run
 .data          0x0c0025d8       0x44 ./8led.o
 .data          0x0c00261c        0x0 ./button.o
 .data          0x0c00261c        0x0 ./led.o
 .data          0x0c00261c        0x0 ./main.o
 .data          0x0c00261c        0x0 ./reversi8_2018.o
 .data          0x0c00261c        0x0 ./timer.o
 .data          0x0c00261c        0x0 d:/ph/eclipsearm/sourcery-g++-lite-arm-2011.03/bin/../lib/gcc/arm-none-eabi/4.5.2\libgcc.a(_divsi3.o)
 .data          0x0c00261c        0x0 d:/ph/eclipsearm/sourcery-g++-lite-arm-2011.03/bin/../lib/gcc/arm-none-eabi/4.5.2\libgcc.a(_dvmd_tls.o)

.rodata         0x0c002620       0x58
 *(.rodata)
 .rodata        0x0c002620       0x58 ./reversi8_2018.o
                0x0c002620                NO
                0x0c002621                SI
                0x0c002622                CASILLA_OCUPADA
                0x0c002668                vSF
                0x0c002670                vSC
                0x0c002678                Image_RW_Limit = .
                0x0c002678                . = ALIGN (0x4)
                0x0c002678                Image_ZI_Base = .

.bss            0x0c002678       0x64
 *(.bss)
 .bss           0x0c002678        0x0 ./common/44binit.o
 .bss           0x0c002678        0x4 ./common/44blib.o
                0x0c002678                restart
 .bss           0x0c00267c        0x0 ./8led.o
 .bss           0x0c00267c        0x4 ./button.o
 .bss           0x0c002680        0x4 ./led.o
 .bss           0x0c002684        0x0 ./main.o
 *fill*         0x0c002684        0x4 00
 .bss           0x0c002688       0x48 ./reversi8_2018.o
                0x0c002688                tablero
                0x0c0026c8                fila
                0x0c0026c9                columna
                0x0c0026ca                ready
 .bss           0x0c0026d0        0x4 ./timer.o
                0x0c0026d0                switch_leds
 .bss           0x0c0026d4        0x0 d:/ph/eclipsearm/sourcery-g++-lite-arm-2011.03/bin/../lib/gcc/arm-none-eabi/4.5.2\libgcc.a(_divsi3.o)
 .bss           0x0c0026d4        0x0 d:/ph/eclipsearm/sourcery-g++-lite-arm-2011.03/bin/../lib/gcc/arm-none-eabi/4.5.2\libgcc.a(_dvmd_tls.o)
 COMMON         0x0c0026d4        0x8 ./common/44blib.o
                0x0c0026d4                fileSize
                0x0c0026d8                downPt
 COMMON         0x0c0026dc        0x0 ./main.o
                0x0c0026dc                Image_ZI_Limit = .
                0x0c0026dc                __bss_start__ = .
                0x0c0026dc                __bss_end__ = .
                0x0c0026dc                __EH_FRAME_BEGIN__ = .
                0x0c0026dc                __EH_FRAME_END__ = .
                0x0c0026dc                PROVIDE (__stack, .)
                0x0c0026dc                end = .
                0x0c0026dc                _end = .

.ARM.attributes
                0x00000000       0x2e
 .ARM.attributes
                0x00000000       0x22 ./common/44binit.o
 .ARM.attributes
                0x00000022       0x32 ./common/44blib.o
 .ARM.attributes
                0x00000054       0x32 ./8led.o
 .ARM.attributes
                0x00000086       0x32 ./button.o
 .ARM.attributes
                0x000000b8       0x32 ./led.o
 .ARM.attributes
                0x000000ea       0x32 ./main.o
 .ARM.attributes
                0x0000011c       0x32 ./reversi8_2018.o
 .ARM.attributes
                0x0000014e       0x32 ./timer.o
 .ARM.attributes
                0x00000180       0x1a d:/ph/eclipsearm/sourcery-g++-lite-arm-2011.03/bin/../lib/gcc/arm-none-eabi/4.5.2\libgcc.a(_divsi3.o)
 .ARM.attributes
                0x0000019a       0x18 d:/ph/eclipsearm/sourcery-g++-lite-arm-2011.03/bin/../lib/gcc/arm-none-eabi/4.5.2\libgcc.a(_dvmd_tls.o)

.comment        0x00000000       0x2a
 .comment       0x00000000       0x2a ./common/44blib.o
                                 0x2b (size before relaxing)
 .comment       0x00000000       0x2b ./8led.o
 .comment       0x00000000       0x2b ./button.o
 .comment       0x00000000       0x2b ./led.o
 .comment       0x00000000       0x2b ./main.o
 .comment       0x00000000       0x2b ./reversi8_2018.o
 .comment       0x00000000       0x2b ./timer.o

.debug_info     0x00000000      0xcb1
 *(.debug_info)
 .debug_info    0x00000000       0x61 ./common/44binit.o
 .debug_info    0x00000061      0x229 ./common/44blib.o
 .debug_info    0x0000028a      0x10d ./8led.o
 .debug_info    0x00000397       0x86 ./button.o
 .debug_info    0x0000041d       0xf6 ./led.o
 .debug_info    0x00000513       0x6c ./main.o
 .debug_info    0x0000057f      0x6b8 ./reversi8_2018.o
 .debug_info    0x00000c37       0x7a ./timer.o

.debug_line     0x00000000      0x9ba
 *(.debug_line)
 .debug_line    0x00000000      0x10f ./common/44binit.o
 .debug_line    0x0000010f      0x37b ./common/44blib.o
 .debug_line    0x0000048a       0x97 ./8led.o
 .debug_line    0x00000521       0xc0 ./button.o
 .debug_line    0x000005e1       0xaa ./led.o
 .debug_line    0x0000068b       0xbc ./main.o
 .debug_line    0x00000747      0x1d8 ./reversi8_2018.o
 .debug_line    0x0000091f       0x9b ./timer.o

.debug_abbrev   0x00000000      0x4ff
 *(.debug_abbrev)
 .debug_abbrev  0x00000000       0x14 ./common/44binit.o
 .debug_abbrev  0x00000014      0x11f ./common/44blib.o
 .debug_abbrev  0x00000133       0xa7 ./8led.o
 .debug_abbrev  0x000001da       0x67 ./button.o
 .debug_abbrev  0x00000241       0x69 ./led.o
 .debug_abbrev  0x000002aa       0x5f ./main.o
 .debug_abbrev  0x00000309      0x19e ./reversi8_2018.o
 .debug_abbrev  0x000004a7       0x58 ./timer.o

.debug_frame    0x00000000      0x49c
 *(.debug_frame)
 .debug_frame   0x00000000       0xd0 ./common/44blib.o
 .debug_frame   0x000000d0       0x50 ./8led.o
 .debug_frame   0x00000120       0x5c ./button.o
 .debug_frame   0x0000017c      0x110 ./led.o
 .debug_frame   0x0000028c       0x30 ./main.o
 .debug_frame   0x000002bc      0x168 ./reversi8_2018.o
 .debug_frame   0x00000424       0x58 ./timer.o
 .debug_frame   0x0000047c       0x20 d:/ph/eclipsearm/sourcery-g++-lite-arm-2011.03/bin/../lib/gcc/arm-none-eabi/4.5.2\libgcc.a(_divsi3.o)
OUTPUT(PH_01_Placa.elf elf32-littlearm)

.debug_aranges  0x00000000      0x100
 .debug_aranges
                0x00000000       0x20 ./common/44binit.o
 .debug_aranges
                0x00000020       0x20 ./common/44blib.o
 .debug_aranges
                0x00000040       0x20 ./8led.o
 .debug_aranges
                0x00000060       0x20 ./button.o
 .debug_aranges
                0x00000080       0x20 ./led.o
 .debug_aranges
                0x000000a0       0x20 ./main.o
 .debug_aranges
                0x000000c0       0x20 ./reversi8_2018.o
 .debug_aranges
                0x000000e0       0x20 ./timer.o

.debug_macinfo  0x00000000    0x23944
 .debug_macinfo
                0x00000000     0x8301 ./common/44blib.o
 .debug_macinfo
                0x00008301     0x50b0 ./8led.o
 .debug_macinfo
                0x0000d3b1     0x5246 ./button.o
 .debug_macinfo
                0x000125f7     0x50af ./led.o
 .debug_macinfo
                0x000176a6     0x50e2 ./main.o
 .debug_macinfo
                0x0001c788     0x210b ./reversi8_2018.o
 .debug_macinfo
                0x0001e893     0x50b1 ./timer.o

.debug_loc      0x00000000      0x554
 .debug_loc     0x00000000      0x108 ./common/44blib.o
 .debug_loc     0x00000108       0x58 ./8led.o
 .debug_loc     0x00000160       0x58 ./button.o
 .debug_loc     0x000001b8      0x160 ./led.o
 .debug_loc     0x00000318       0x2c ./main.o
 .debug_loc     0x00000344      0x1b8 ./reversi8_2018.o
 .debug_loc     0x000004fc       0x58 ./timer.o

.debug_pubnames
                0x00000000      0x2f3
 .debug_pubnames
                0x00000000       0x90 ./common/44blib.o
 .debug_pubnames
                0x00000090       0x32 ./8led.o
 .debug_pubnames
                0x000000c2       0x35 ./button.o
 .debug_pubnames
                0x000000f7       0x7d ./led.o
 .debug_pubnames
                0x00000174       0x2b ./main.o
 .debug_pubnames
                0x0000019f      0x115 ./reversi8_2018.o
 .debug_pubnames
                0x000002b4       0x3f ./timer.o

.debug_pubtypes
                0x00000000       0x12
 .debug_pubtypes
                0x00000000       0x12 ./common/44blib.o

.debug_str      0x00000000      0x3ca
 .debug_str     0x00000000      0x11b ./common/44blib.o
                                0x159 (size before relaxing)
 .debug_str     0x0000011b       0x6c ./8led.o
                                 0xa7 (size before relaxing)
 .debug_str     0x00000187       0x3b ./button.o
                                 0x76 (size before relaxing)
 .debug_str     0x000001c2       0x68 ./led.o
                                 0x96 (size before relaxing)
 .debug_str     0x0000022a       0x24 ./main.o
                                 0x52 (size before relaxing)
 .debug_str     0x0000024e      0x15c ./reversi8_2018.o
                                0x1b8 (size before relaxing)
 .debug_str     0x000003aa       0x20 ./timer.o
                                 0x5a (size before relaxing)
