11:41:43 **** Incremental Build of configuration Debug for project PH_01_Placa ****
cs-make all 
'Building file: ../latido.c'
'Invoking: ARM Sourcery Windows GCC C Compiler'
arm-none-eabi-gcc -I"D:\PH\workspace\PH_01_Placa\common" -O0 -Wall -Wa,-adhlns="latido.o.lst" -c -fmessage-length=0 -mapcs-frame -MMD -MP -MF"latido.d" -MT"latido.d" -mcpu=arm7tdmi -g3 -gdwarf-2 -o "latido.o" "../latido.c"
../latido.c: In function 'latido_ISR':
../latido.c:30:3: warning: implicit declaration of function 'led1_on'
../latido.c:33:3: warning: implicit declaration of function 'led1_off'
../latido.c:27:6: warning: unused variable 'aux'
'Finished building: ../latido.c'
' '
'Building target: PH_01_Placa.elf'
'Invoking: ARM Sourcery Windows GCC C Linker'
arm-none-eabi-gcc -T"D:\PH\workspace\PH_01_Placa\common\ld_script.ld" -nostartfiles -Wl,-Map,PH_01_Placa.map -mcpu=arm7tdmi -g3 -gdwarf-2 -o "PH_01_Placa.elf"  ./common/44binit.o ./common/44blib.o  ./8led.o ./arm_functions.o ./button.o ./latido.o ./led.o ./main.o ./reversi8_2018.o ./timer.o ./timer2.o   
'Finished building target: PH_01_Placa.elf'
' '
'Invoking: ARM Sourcery Windows GNU Create Flash Image'
arm-none-eabi-objcopy -O binary PH_01_Placa.elf  "PH_01_Placa.hex"
'Finished building: PH_01_Placa.hex'
' '
'Invoking: ARM Sourcery Windows GNU Create Listing'
arm-none-eabi-objdump -h -S PH_01_Placa.elf > "PH_01_Placa.lst"
'Finished building: PH_01_Placa.lst'
' '
'Invoking: ARM Sourcery Windows GNU Print Size'
arm-none-eabi-size  --format=berkeley PH_01_Placa.elf
   text	   data	    bss	    dec	    hex	filename
  15908	     88	    112	  16108	   3eec	PH_01_Placa.elf
'Finished building: PH_01_Placa.siz'
' '
11:41:56 **** Incremental Build of configuration Debug for project PH_01_Placa ****
cs-make all 
'Invoking: ARM Sourcery Windows GNU Print Size'
arm-none-eabi-size  --format=berkeley PH_01_Placa.elf
   text	   data	    bss	    dec	    hex	filename
  15908	     88	    112	  16108	   3eec	PH_01_Placa.elf
'Finished building: PH_01_Placa.siz'
' '
