18:33:45 **** Incremental Build of configuration Debug for project PH_01_Sim ****
cs-make all 
'Building file: ../reversi8_2018.c'
'Invoking: ARM Sourcery Windows GCC C Compiler'
arm-none-eabi-gcc -O0 -Wall -Wa,-adhlns="reversi8_2018.o.lst" -c -fmessage-length=0 -mapcs-frame -MMD -MP -MF"reversi8_2018.d" -MT"reversi8_2018.d" -mcpu=arm7tdmi -g3 -gdwarf-2 -o "reversi8_2018.o" "../reversi8_2018.c"
../reversi8_2018.c: In function 'ficha_valida':
../reversi8_2018.c:172:5: warning: array subscript has type 'char'
../reversi8_2018.c:172:5: warning: array subscript has type 'char'
../reversi8_2018.c:175:9: warning: array subscript has type 'char'
../reversi8_2018.c:175:9: warning: array subscript has type 'char'
../reversi8_2018.c: In function 'patron_volteo_test':
../reversi8_2018.c:238:15: warning: unused variable 'timer2_arm_c'
../reversi8_2018.c:237:15: warning: unused variable 'timer2_c'
../reversi8_2018.c: In function 'voltear':
../reversi8_2018.c:268:9: warning: array subscript has type 'char'
../reversi8_2018.c:268:9: warning: array subscript has type 'char'
../reversi8_2018.c: In function 'actualizar_candidatas':
../reversi8_2018.c:415:5: warning: array subscript has type 'char'
../reversi8_2018.c:415:5: warning: array subscript has type 'char'
../reversi8_2018.c:418:9: warning: array subscript has type 'char'
../reversi8_2018.c:419:13: warning: array subscript has type 'char'
../reversi8_2018.c:429:9: warning: array subscript has type 'char'
../reversi8_2018.c:430:13: warning: array subscript has type 'char'
../reversi8_2018.c:438:5: warning: array subscript has type 'char'
../reversi8_2018.c:439:9: warning: array subscript has type 'char'
../reversi8_2018.c:441:5: warning: array subscript has type 'char'
../reversi8_2018.c:442:9: warning: array subscript has type 'char'
../reversi8_2018.c: In function 'reversi8':
../reversi8_2018.c:551:13: warning: array subscript has type 'char'
../reversi8_2018.c:551:13: warning: array subscript has type 'char'
../reversi8_2018.c:566:13: warning: array subscript has type 'char'
../reversi8_2018.c:566:13: warning: array subscript has type 'char'
../reversi8_2018.c: In function 'patron_volteo_test':
../reversi8_2018.c:253:1: warning: control reaches end of non-void function
'Finished building: ../reversi8_2018.c'
' '
'Building target: PH_01_Sim.elf'
'Invoking: ARM Sourcery Windows GCC C Linker'
arm-none-eabi-gcc -T"D:\PH\workspace\PH_01_Sim\ld_script.ld" -nostartfiles -Wl,-Map,PH_01_Sim.map -mcpu=arm7tdmi -g3 -gdwarf-2 -o "PH_01_Sim.elf"  ./init_b_2018.o ./reversi8_2018.o   
'Finished building target: PH_01_Sim.elf'
' '
'Invoking: ARM Sourcery Windows GNU Create Flash Image'
arm-none-eabi-objcopy -O binary PH_01_Sim.elf  "PH_01_Sim.hex"
'Finished building: PH_01_Sim.hex'
' '
'Invoking: ARM Sourcery Windows GNU Create Listing'
arm-none-eabi-objdump -h -S PH_01_Sim.elf > "PH_01_Sim.lst"
'Finished building: PH_01_Sim.lst'
' '
'Invoking: ARM Sourcery Windows GNU Print Size'
arm-none-eabi-size  --format=berkeley PH_01_Sim.elf
   text	   data	    bss	    dec	    hex	filename
   7432	      0	     72	   7504	   1d50	PH_01_Sim.elf
'Finished building: PH_01_Sim.siz'
' '

18:33:46 Build Finished (took 1s.248ms)

