17:36:23 **** Incremental Build of configuration Debug for project PH_01_Sim ****
cs-make all 
'Building file: ../init_b_2018.asm'
'Invoking: ARM Sourcery Windows GCC Assembler'
arm-none-eabi-gcc -x assembler-with-cpp -Wall -Wa,-adhlns="init_b_2018.o.lst" -c -fmessage-length=0 -MMD -MP -MF"init_b_2018.d" -MT"init_b_2018.d" -mcpu=arm7tdmi -g3 -gdwarf-2 -o "init_b_2018.o" "../init_b_2018.asm"
../init_b_2018.asm: Assembler messages:
../init_b_2018.asm:56: Warning: if writeback register is in list, it must be the lowest reg in the list
../init_b_2018.asm:119: Warning: if writeback register is in list, it must be the lowest reg in the list
'Finished building: ../init_b_2018.asm'
' '
'Building target: PH_01_Sim.elf'
'Invoking: ARM Sourcery Windows GCC C Linker'
arm-none-eabi-gcc -T"D:\PH\workspace\PH_01_Sim\ld_script.ld" -nostartfiles -Wl,-Map,PH_01_Sim.map -mcpu=arm7tdmi -g3 -gdwarf-2 -o "PH_01_Sim.elf"  ./init_b_2018.o ./reversi8_2018.o   
'Finished building target: PH_01_Sim.elf'
' '
'Invoking: ARM Sourcery Windows GNU Create Flash Image'
arm-none-eabi-objcopy -O binary PH_01_Sim.elf  "PH_01_Sim.hex"
'Finished building: PH_01_Sim.hex'
' '
'Invoking: ARM Sourcery Windows GNU Create Listing'
arm-none-eabi-objdump -h -S PH_01_Sim.elf > "PH_01_Sim.lst"
'Finished building: PH_01_Sim.lst'
' '
'Invoking: ARM Sourcery Windows GNU Print Size'
arm-none-eabi-size  --format=berkeley PH_01_Sim.elf
   text	   data	    bss	    dec	    hex	filename
   7432	      0	     72	   7504	   1d50	PH_01_Sim.elf
'Finished building: PH_01_Sim.siz'
' '

17:36:24 Build Finished (took 1s.39ms)

