15:39:24 **** Incremental Build of configuration Debug for project PH_01_Placa ****
cs-make all 
'Building file: ../arm_functions.asm'
'Invoking: ARM Sourcery Windows GCC Assembler'
arm-none-eabi-gcc -x assembler-with-cpp -I"D:\PH\workspace\PH_01_Placa\common" -Wall -Wa,-adhlns="arm_functions.o.lst" -c -fmessage-length=0 -MMD -MP -MF"arm_functions.d" -MT"arm_functions.d" -mcpu=arm7tdmi -g3 -gdwarf-2 -o "arm_functions.o" "../arm_functions.asm"
../arm_functions.asm: Assembler messages:
../arm_functions.asm:8: Warning: if writeback register is in list, it must be the lowest reg in the list
../arm_functions.asm:78: Warning: if writeback register is in list, it must be the lowest reg in the list
'Finished building: ../arm_functions.asm'
' '
'Building target: PH_01_Placa.elf'
'Invoking: ARM Sourcery Windows GCC C Linker'
arm-none-eabi-gcc -T"D:\PH\workspace\PH_01_Placa\common\ld_script.ld" -nostartfiles -Wl,-Map,PH_01_Placa.map -mcpu=arm7tdmi -g3 -gdwarf-2 -o "PH_01_Placa.elf"  ./common/44binit.o ./common/44blib.o  ./8led.o ./arm_functions.o ./button.o ./led.o ./main.o ./reversi8_2018.o ./timer.o ./timer2.o   
'Finished building target: PH_01_Placa.elf'
' '
'Invoking: ARM Sourcery Windows GNU Create Flash Image'
arm-none-eabi-objcopy -O binary PH_01_Placa.elf  "PH_01_Placa.hex"
'Finished building: PH_01_Placa.hex'
' '
'Invoking: ARM Sourcery Windows GNU Create Listing'
arm-none-eabi-objdump -h -S PH_01_Placa.elf > "PH_01_Placa.lst"
'Finished building: PH_01_Placa.lst'
' '
'Invoking: ARM Sourcery Windows GNU Print Size'
arm-none-eabi-size  --format=berkeley PH_01_Placa.elf
   text	   data	    bss	    dec	    hex	filename
  13768	     88	    104	  13960	   3688	PH_01_Placa.elf
'Finished building: PH_01_Placa.siz'
' '

15:39:25 Build Finished (took 1s.602ms)

