
Memory Configuration

Name             Origin             Length             Attributes
*default*        0x00000000         0xffffffff

Linker script and memory map

LOAD ./init_b_2018.o
LOAD ./reversi8_2018.o
START GROUP
LOAD d:/ph/eclipsearm/sourcery-g++-lite-arm-2011.03/bin/../lib/gcc/arm-none-eabi/4.5.2\libgcc.a
LOAD d:/ph/eclipsearm/sourcery-g++-lite-arm-2011.03/bin/../lib/gcc/arm-none-eabi/4.5.2/../../../../arm-none-eabi/lib\libc.a
END GROUP
                0x0c000000                . = 0xc000000

.text           0x0c000000     0x191c
 *(.text)
 .text          0x0c000000      0x1bc ./init_b_2018.o
                0x0c000000                start
                0x0c000018                patron_volteo_arm_c
                0x0c0000b4                patron_volteo_arm_arm
                0x0c000150                ficha_valida_arm
 .text          0x0c0001bc     0x1760 ./reversi8_2018.o
                0x0c0001bc                init_table
                0x0c0003d0                esperar_mov
                0x0c000410                ficha_valida
                0x0c0004c4                patron_volteo
                0x0c0005d8                patron_volteo_test
                0x0c0006c8                voltear
                0x0c000758                actualizar_tablero
                0x0c0008d4                elegir_mov
                0x0c000b80                contar
                0x0c000c7c                actualizar_candidatas
                0x0c000fd4                init_test
                0x0c00118c                reversi8
                0x0c00191c                _bdata = .

.glue_7         0x0c00191c        0x0
 .glue_7        0x00000000        0x0 linker stubs

.glue_7t        0x0c00191c        0x0
 .glue_7t       0x00000000        0x0 linker stubs

.vfp11_veneer   0x0c00191c        0x0
 .vfp11_veneer  0x00000000        0x0 linker stubs

.v4_bx          0x0c00191c        0x0
 .v4_bx         0x00000000        0x0 linker stubs

.data           0x0c00191c        0x0
 *(.data)
 .data          0x0c00191c        0x0 ./init_b_2018.o
 .data          0x0c00191c        0x0 ./reversi8_2018.o
                0x0c00191c                _edata = .

.rodata         0x0c001920       0x58
 *(.rodata)
 .rodata        0x0c001920       0x58 ./reversi8_2018.o
                0x0c001920                NO
                0x0c001921                SI
                0x0c001922                CASILLA_OCUPADA
                0x0c001968                vSF
                0x0c001970                vSC
                0x0c001978                _bbss = .

.bss            0x0c001978       0x48
 *(.bss)
 .bss           0x0c001978        0x0 ./init_b_2018.o
 .bss           0x0c001978       0x48 ./reversi8_2018.o
                0x0c001978                tablero
                0x0c0019b8                fila
                0x0c0019b9                columna
                0x0c0019ba                ready
                0x0c0019c0                _ebss = .
OUTPUT(PH_01_Sim.elf elf32-littlearm)

.ARM.attributes
                0x00000000       0x2e
 .ARM.attributes
                0x00000000       0x22 ./init_b_2018.o
 .ARM.attributes
                0x00000022       0x32 ./reversi8_2018.o

.comment        0x00000000       0x2a
 .comment       0x00000000       0x2a ./reversi8_2018.o
                                 0x2b (size before relaxing)

.debug_line     0x00000000      0x2ba
 .debug_line    0x00000000       0xb3 ./init_b_2018.o
 .debug_line    0x000000b3      0x207 ./reversi8_2018.o

.debug_info     0x00000000      0x896
 .debug_info    0x00000000       0x5c ./init_b_2018.o
 .debug_info    0x0000005c      0x83a ./reversi8_2018.o

.debug_abbrev   0x00000000      0x1b2
 .debug_abbrev  0x00000000       0x14 ./init_b_2018.o
 .debug_abbrev  0x00000014      0x19e ./reversi8_2018.o

.debug_aranges  0x00000000       0x40
 .debug_aranges
                0x00000000       0x20 ./init_b_2018.o
 .debug_aranges
                0x00000020       0x20 ./reversi8_2018.o

.debug_macinfo  0x00000000     0x20fc
 .debug_macinfo
                0x00000000     0x20fc ./reversi8_2018.o

.debug_loc      0x00000000      0x210
 .debug_loc     0x00000000      0x210 ./reversi8_2018.o

.debug_pubnames
                0x00000000      0x13a
 .debug_pubnames
                0x00000000      0x13a ./reversi8_2018.o

.debug_str      0x00000000      0x243
 .debug_str     0x00000000      0x243 ./reversi8_2018.o
                                0x264 (size before relaxing)

.debug_frame    0x00000000      0x1a8
 .debug_frame   0x00000000      0x1a8 ./reversi8_2018.o
