
Memory Configuration

Name             Origin             Length             Attributes
*default*        0x00000000         0xffffffff

Linker script and memory map

LOAD ./init_b_2018.o
LOAD ./reversi8_2018.o
START GROUP
LOAD d:/ph/eclipsearm/sourcery-g++-lite-arm-2011.03/bin/../lib/gcc/arm-none-eabi/4.5.2\libgcc.a
LOAD d:/ph/eclipsearm/sourcery-g++-lite-arm-2011.03/bin/../lib/gcc/arm-none-eabi/4.5.2/../../../../arm-none-eabi/lib\libc.a
END GROUP
                0x0c000000                . = 0xc000000

.text           0x0c000000     0x1cb0
 *(.text)
 .text          0x0c000000      0x1b4 ./init_b_2018.o
                0x0c000000                start
                0x0c000018                patron_volteo_arm_c
                0x0c0000b0                patron_volteo_arm_arm
                0x0c000148                ficha_valida_arm
 .text          0x0c0001b4     0x1afc ./reversi8_2018.o
                0x0c0001b4                init_table
                0x0c0003c8                esperar_mov
                0x0c000408                ficha_valida
                0x0c0004bc                patron_volteo
                0x0c0005d0                patron_volteo_test
                0x0c0006c0                voltear
                0x0c000750                actualizar_tablero
                0x0c0008cc                elegir_mov
                0x0c000b78                contar
                0x0c000c74                actualizar_candidatas
                0x0c000fcc                init_test
                0x0c001520                reversi8
                0x0c001cb0                _bdata = .

.glue_7         0x0c001cb0        0x0
 .glue_7        0x00000000        0x0 linker stubs

.glue_7t        0x0c001cb0        0x0
 .glue_7t       0x00000000        0x0 linker stubs

.vfp11_veneer   0x0c001cb0        0x0
 .vfp11_veneer  0x00000000        0x0 linker stubs

.v4_bx          0x0c001cb0        0x0
 .v4_bx         0x00000000        0x0 linker stubs

.data           0x0c001cb0        0x0
 *(.data)
 .data          0x0c001cb0        0x0 ./init_b_2018.o
 .data          0x0c001cb0        0x0 ./reversi8_2018.o
                0x0c001cb0                _edata = .

.rodata         0x0c001cb0       0x58
 *(.rodata)
 .rodata        0x0c001cb0       0x58 ./reversi8_2018.o
                0x0c001cb0                NO
                0x0c001cb1                SI
                0x0c001cb2                CASILLA_OCUPADA
                0x0c001cf8                vSF
                0x0c001d00                vSC
                0x0c001d08                _bbss = .

.bss            0x0c001d08       0x48
 *(.bss)
 .bss           0x0c001d08        0x0 ./init_b_2018.o
 .bss           0x0c001d08       0x48 ./reversi8_2018.o
                0x0c001d08                tablero
                0x0c001d48                fila
                0x0c001d49                columna
                0x0c001d4a                ready
                0x0c001d50                _ebss = .
OUTPUT(PH_01_Sim.elf elf32-littlearm)

.ARM.attributes
                0x00000000       0x2e
 .ARM.attributes
                0x00000000       0x22 ./init_b_2018.o
 .ARM.attributes
                0x00000022       0x32 ./reversi8_2018.o

.comment        0x00000000       0x2a
 .comment       0x00000000       0x2a ./reversi8_2018.o
                                 0x2b (size before relaxing)

.debug_line     0x00000000      0x2e7
 .debug_line    0x00000000       0xb3 ./init_b_2018.o
 .debug_line    0x000000b3      0x234 ./reversi8_2018.o

.debug_info     0x00000000      0x874
 .debug_info    0x00000000       0x5c ./init_b_2018.o
 .debug_info    0x0000005c      0x818 ./reversi8_2018.o

.debug_abbrev   0x00000000      0x1b2
 .debug_abbrev  0x00000000       0x14 ./init_b_2018.o
 .debug_abbrev  0x00000014      0x19e ./reversi8_2018.o

.debug_aranges  0x00000000       0x40
 .debug_aranges
                0x00000000       0x20 ./init_b_2018.o
 .debug_aranges
                0x00000020       0x20 ./reversi8_2018.o

.debug_macinfo  0x00000000     0x20fc
 .debug_macinfo
                0x00000000     0x20fc ./reversi8_2018.o

.debug_loc      0x00000000      0x210
 .debug_loc     0x00000000      0x210 ./reversi8_2018.o

.debug_pubnames
                0x00000000      0x13a
 .debug_pubnames
                0x00000000      0x13a ./reversi8_2018.o

.debug_str      0x00000000      0x228
 .debug_str     0x00000000      0x228 ./reversi8_2018.o
                                0x249 (size before relaxing)

.debug_frame    0x00000000      0x1a8
 .debug_frame   0x00000000      0x1a8 ./reversi8_2018.o
